// Vitest Snapshot v1, https://vitest.dev/guide/snapshot.html

exports[`all function should be available > should have a list of all available names 1`] = `true`;
